#-----------------------------------------------------------
# Webtalk v2017.3 (64-bit)
# SW Build 2018833 on Wed Oct  4 19:58:22 MDT 2017
# IP Build 2016188 on Wed Oct  4 21:52:56 MDT 2017
# Start of session at: Thu Feb 22 15:57:45 2018
# Process ID: 13224
# Current directory: U:/ENSC_452/adaptive_noise_cancellation/adaptive_noise_cancellation.sim/sim_1/impl/func/xsim
# Command line: wbtcv.exe -mode batch -source U:/ENSC_452/adaptive_noise_cancellation/adaptive_noise_cancellation.sim/sim_1/impl/func/xsim/xsim.dir/design_1_wrapper_func_impl/webtalk/xsim_webtalk.tcl -notrace
# Log file: U:/ENSC_452/adaptive_noise_cancellation/adaptive_noise_cancellation.sim/sim_1/impl/func/xsim/webtalk.log
# Journal file: U:/ENSC_452/adaptive_noise_cancellation/adaptive_noise_cancellation.sim/sim_1/impl/func/xsim\webtalk.jou
#-----------------------------------------------------------
source U:/ENSC_452/adaptive_noise_cancellation/adaptive_noise_cancellation.sim/sim_1/impl/func/xsim/xsim.dir/design_1_wrapper_func_impl/webtalk/xsim_webtalk.tcl -notrace
